------------------------------------------------------------
Timing Analyzer Summary
------------------------------------------------------------

Type  : Slow 1200mV 85C Model Setup 'clk'
Slack : -0.435
TNS   : -3.837

Type  : Slow 1200mV 85C Model Hold 'clk'
Slack : 0.341
TNS   : 0.000

Type  : Slow 1200mV 85C Model Recovery 'clk'
Slack : -0.425
TNS   : -1.275

Type  : Slow 1200mV 85C Model Removal 'clk'
Slack : 0.836
TNS   : 0.000

Type  : Slow 1200mV 85C Model Minimum Pulse Width 'clk'
Slack : -3.000
TNS   : -20.000

Type  : Slow 1200mV 0C Model Setup 'clk'
Slack : -0.269
TNS   : -1.993

Type  : Slow 1200mV 0C Model Hold 'clk'
Slack : 0.297
TNS   : 0.000

Type  : Slow 1200mV 0C Model Recovery 'clk'
Slack : -0.262
TNS   : -0.786

Type  : Slow 1200mV 0C Model Removal 'clk'
Slack : 0.751
TNS   : 0.000

Type  : Slow 1200mV 0C Model Minimum Pulse Width 'clk'
Slack : -3.000
TNS   : -20.000

Type  : Fast 1200mV 0C Model Setup 'clk'
Slack : 0.183
TNS   : 0.000

Type  : Fast 1200mV 0C Model Hold 'clk'
Slack : 0.178
TNS   : 0.000

Type  : Fast 1200mV 0C Model Recovery 'clk'
Slack : 0.186
TNS   : 0.000

Type  : Fast 1200mV 0C Model Removal 'clk'
Slack : 0.451
TNS   : 0.000

Type  : Fast 1200mV 0C Model Minimum Pulse Width 'clk'
Slack : -3.000
TNS   : -20.751

------------------------------------------------------------
