Analysis & Synthesis report for encoder-checker-crc8
Wed Dec 09 20:29:49 2020
Quartus Prime Version 20.1.0 Build 711 06/05/2020 SJ Lite Edition


---------------------
; Table of Contents ;
---------------------
  1. Legal Notice
  2. Analysis & Synthesis Summary
  3. Analysis & Synthesis Settings
  4. Parallel Compilation
  5. Analysis & Synthesis Source Files Read
  6. Analysis & Synthesis Resource Usage Summary
  7. Analysis & Synthesis Resource Utilization by Entity
  8. General Register Statistics
  9. Port Connectivity Checks: "rserializer:serializer|reverse_counter_7_0:counter|flipFlopT:ff2"
 10. Port Connectivity Checks: "rserializer:serializer|reverse_counter_7_0:counter|flipFlopT:ff1"
 11. Port Connectivity Checks: "rserializer:serializer|reverse_counter_7_0:counter|flipFlopT:ff0"
 12. Port Connectivity Checks: "encoder_semi_parallel:semi_parallel|non_delayer:nd|flipFlopT:ff0"
 13. Port Connectivity Checks: "encoder_semi_parallel:semi_parallel|xfo:xors|flipFlopT:fft8"
 14. Port Connectivity Checks: "encoder_semi_parallel:semi_parallel|xfo:xors|flipFlopT:fft7"
 15. Port Connectivity Checks: "encoder_semi_parallel:semi_parallel|xfo:xors|flipFlopT:fft6"
 16. Port Connectivity Checks: "encoder_semi_parallel:semi_parallel|xfo:xors|flipFlopT:fft5"
 17. Port Connectivity Checks: "encoder_semi_parallel:semi_parallel|xfo:xors|flipFlopT:fft4"
 18. Port Connectivity Checks: "encoder_semi_parallel:semi_parallel|xfo:xors|flipFlopT:fft3"
 19. Port Connectivity Checks: "encoder_semi_parallel:semi_parallel|xfo:xors|flipFlopT:fft2"
 20. Port Connectivity Checks: "encoder_semi_parallel:semi_parallel|xfo:xors|flipFlopT:fft1"
 21. Port Connectivity Checks: "encoder_semi_parallel:semi_parallel|reverse_counter_15_0:counter|flipFlopT:ff3"
 22. Port Connectivity Checks: "encoder_semi_parallel:semi_parallel|reverse_counter_15_0:counter|flipFlopT:ff2"
 23. Port Connectivity Checks: "encoder_semi_parallel:semi_parallel|reverse_counter_15_0:counter|flipFlopT:ff1"
 24. Port Connectivity Checks: "encoder_semi_parallel:semi_parallel|reverse_counter_15_0:counter|flipFlopT:ff0"
 25. Post-Synthesis Netlist Statistics for Top Partition
 26. Elapsed Time Per Partition
 27. Analysis & Synthesis Messages



----------------
; Legal Notice ;
----------------
Copyright (C) 2020  Intel Corporation. All rights reserved.
Your use of Intel Corporation's design tools, logic functions 
and other software and tools, and any partner logic 
functions, and any output files from any of the foregoing 
(including device programming or simulation files), and any 
associated documentation or information are expressly subject 
to the terms and conditions of the Intel Program License 
Subscription Agreement, the Intel Quartus Prime License Agreement,
the Intel FPGA IP License Agreement, or other applicable license
agreement, including, without limitation, that your use is for
the sole purpose of programming logic devices manufactured by
Intel and sold by Intel or its authorized distributors.  Please
refer to the applicable agreement for further details, at
https://fpgasoftware.intel.com/eula.



+----------------------------------------------------------------------------------+
; Analysis & Synthesis Summary                                                     ;
+------------------------------------+---------------------------------------------+
; Analysis & Synthesis Status        ; Successful - Wed Dec 09 20:29:49 2020       ;
; Quartus Prime Version              ; 20.1.0 Build 711 06/05/2020 SJ Lite Edition ;
; Revision Name                      ; encoder-checker-crc8                        ;
; Top-level Entity Name              ; encoder_serial                              ;
; Family                             ; Cyclone IV GX                               ;
; Total logic elements               ; 33                                          ;
;     Total combinational functions  ; 33                                          ;
;     Dedicated logic registers      ; 17                                          ;
; Total registers                    ; 17                                          ;
; Total pins                         ; 5                                           ;
; Total virtual pins                 ; 0                                           ;
; Total memory bits                  ; 0                                           ;
; Embedded Multiplier 9-bit elements ; 0                                           ;
; Total GXB Receiver Channel PCS     ; 0                                           ;
; Total GXB Receiver Channel PMA     ; 0                                           ;
; Total GXB Transmitter Channel PCS  ; 0                                           ;
; Total GXB Transmitter Channel PMA  ; 0                                           ;
; Total PLLs                         ; 0                                           ;
+------------------------------------+---------------------------------------------+


+--------------------------------------------------------------------------------------------------------------+
; Analysis & Synthesis Settings                                                                                ;
+------------------------------------------------------------------+--------------------+----------------------+
; Option                                                           ; Setting            ; Default Value        ;
+------------------------------------------------------------------+--------------------+----------------------+
; Top-level entity name                                            ; encoder_serial     ; encoder-checker-crc8 ;
; Family name                                                      ; Cyclone IV GX      ; Cyclone V            ;
; Use smart compilation                                            ; Off                ; Off                  ;
; Enable parallel Assembler and Timing Analyzer during compilation ; On                 ; On                   ;
; Enable compact report table                                      ; Off                ; Off                  ;
; Restructure Multiplexers                                         ; Auto               ; Auto                 ;
; Create Debugging Nodes for IP Cores                              ; Off                ; Off                  ;
; Preserve fewer node names                                        ; On                 ; On                   ;
; Intel FPGA IP Evaluation Mode                                    ; Enable             ; Enable               ;
; Verilog Version                                                  ; Verilog_2001       ; Verilog_2001         ;
; VHDL Version                                                     ; VHDL_1993          ; VHDL_1993            ;
; State Machine Processing                                         ; Auto               ; Auto                 ;
; Safe State Machine                                               ; Off                ; Off                  ;
; Extract Verilog State Machines                                   ; On                 ; On                   ;
; Extract VHDL State Machines                                      ; On                 ; On                   ;
; Ignore Verilog initial constructs                                ; Off                ; Off                  ;
; Iteration limit for constant Verilog loops                       ; 5000               ; 5000                 ;
; Iteration limit for non-constant Verilog loops                   ; 250                ; 250                  ;
; Add Pass-Through Logic to Inferred RAMs                          ; On                 ; On                   ;
; Infer RAMs from Raw Logic                                        ; On                 ; On                   ;
; Parallel Synthesis                                               ; On                 ; On                   ;
; DSP Block Balancing                                              ; Auto               ; Auto                 ;
; NOT Gate Push-Back                                               ; On                 ; On                   ;
; Power-Up Don't Care                                              ; On                 ; On                   ;
; Remove Redundant Logic Cells                                     ; Off                ; Off                  ;
; Remove Duplicate Registers                                       ; On                 ; On                   ;
; Ignore CARRY Buffers                                             ; Off                ; Off                  ;
; Ignore CASCADE Buffers                                           ; Off                ; Off                  ;
; Ignore GLOBAL Buffers                                            ; Off                ; Off                  ;
; Ignore ROW GLOBAL Buffers                                        ; Off                ; Off                  ;
; Ignore LCELL Buffers                                             ; Off                ; Off                  ;
; Ignore SOFT Buffers                                              ; On                 ; On                   ;
; Limit AHDL Integers to 32 Bits                                   ; Off                ; Off                  ;
; Optimization Technique                                           ; Balanced           ; Balanced             ;
; Carry Chain Length                                               ; 70                 ; 70                   ;
; Auto Carry Chains                                                ; On                 ; On                   ;
; Auto Open-Drain Pins                                             ; On                 ; On                   ;
; Perform WYSIWYG Primitive Resynthesis                            ; Off                ; Off                  ;
; Auto ROM Replacement                                             ; On                 ; On                   ;
; Auto RAM Replacement                                             ; On                 ; On                   ;
; Auto DSP Block Replacement                                       ; On                 ; On                   ;
; Auto Shift Register Replacement                                  ; Auto               ; Auto                 ;
; Allow Shift Register Merging across Hierarchies                  ; Auto               ; Auto                 ;
; Auto Clock Enable Replacement                                    ; On                 ; On                   ;
; Strict RAM Replacement                                           ; Off                ; Off                  ;
; Allow Synchronous Control Signals                                ; On                 ; On                   ;
; Force Use of Synchronous Clear Signals                           ; Off                ; Off                  ;
; Auto RAM Block Balancing                                         ; On                 ; On                   ;
; Auto RAM to Logic Cell Conversion                                ; Off                ; Off                  ;
; Auto Resource Sharing                                            ; Off                ; Off                  ;
; Allow Any RAM Size For Recognition                               ; Off                ; Off                  ;
; Allow Any ROM Size For Recognition                               ; Off                ; Off                  ;
; Allow Any Shift Register Size For Recognition                    ; Off                ; Off                  ;
; Use LogicLock Constraints during Resource Balancing              ; On                 ; On                   ;
; Ignore translate_off and synthesis_off directives                ; Off                ; Off                  ;
; Timing-Driven Synthesis                                          ; On                 ; On                   ;
; Report Parameter Settings                                        ; On                 ; On                   ;
; Report Source Assignments                                        ; On                 ; On                   ;
; Report Connectivity Checks                                       ; On                 ; On                   ;
; Ignore Maximum Fan-Out Assignments                               ; Off                ; Off                  ;
; Synchronization Register Chain Length                            ; 2                  ; 2                    ;
; Power Optimization During Synthesis                              ; Normal compilation ; Normal compilation   ;
; HDL message level                                                ; Level2             ; Level2               ;
; Suppress Register Optimization Related Messages                  ; Off                ; Off                  ;
; Number of Removed Registers Reported in Synthesis Report         ; 5000               ; 5000                 ;
; Number of Swept Nodes Reported in Synthesis Report               ; 5000               ; 5000                 ;
; Number of Inverted Registers Reported in Synthesis Report        ; 100                ; 100                  ;
; Clock MUX Protection                                             ; On                 ; On                   ;
; Auto Gated Clock Conversion                                      ; Off                ; Off                  ;
; Block Design Naming                                              ; Auto               ; Auto                 ;
; SDC constraint protection                                        ; Off                ; Off                  ;
; Synthesis Effort                                                 ; Auto               ; Auto                 ;
; Shift Register Replacement - Allow Asynchronous Clear Signal     ; On                 ; On                   ;
; Pre-Mapping Resynthesis Optimization                             ; Off                ; Off                  ;
; Analysis & Synthesis Message Level                               ; Medium             ; Medium               ;
; Disable Register Merging Across Hierarchies                      ; Auto               ; Auto                 ;
; Resource Aware Inference For Block RAM                           ; On                 ; On                   ;
+------------------------------------------------------------------+--------------------+----------------------+


+------------------------------------------+
; Parallel Compilation                     ;
+----------------------------+-------------+
; Processors                 ; Number      ;
+----------------------------+-------------+
; Number detected on machine ; 8           ;
; Maximum allowed            ; 4           ;
;                            ;             ;
; Average used               ; 1.00        ;
; Maximum used               ; 4           ;
;                            ;             ;
; Usage by Processor         ; % Time Used ;
;     Processor 1            ; 100.0%      ;
;     Processors 2-4         ;   0.0%      ;
+----------------------------+-------------+


+-----------------------------------------------------------------------------------------------------------------------------------------------------------------------------+
; Analysis & Synthesis Source Files Read                                                                                                                                      ;
+----------------------------------+-----------------+-----------------+--------------------------------------------------------------------------------------------+---------+
; File Name with User-Entered Path ; Used in Netlist ; File Type       ; File Name with Absolute Path                                                               ; Library ;
+----------------------------------+-----------------+-----------------+--------------------------------------------------------------------------------------------+---------+
; encoder_serial.vhd               ; yes             ; User VHDL File  ; C:/Users/aralm/OneDrive/Ambiente de Trabalho/ACA/crc-main/serial/encoder_serial.vhd        ;         ;
; rserializer.vhd                  ; yes             ; User VHDL File  ; C:/Users/aralm/OneDrive/Ambiente de Trabalho/ACA/crc-main/serial/rserializer.vhd           ;         ;
; encoder_semi_parallel.vhd        ; yes             ; User VHDL File  ; C:/Users/aralm/OneDrive/Ambiente de Trabalho/ACA/crc-main/serial/encoder_semi_parallel.vhd ;         ;
; ai_divider.vhd                   ; yes             ; User VHDL File  ; C:/Users/aralm/OneDrive/Ambiente de Trabalho/ACA/crc-main/serial/ai_divider.vhd            ;         ;
; xfo.vhd                          ; yes             ; User VHDL File  ; C:/Users/aralm/OneDrive/Ambiente de Trabalho/ACA/crc-main/serial/xfo.vhd                   ;         ;
; reverse_counter_15_0.vhd         ; yes             ; User VHDL File  ; C:/Users/aralm/OneDrive/Ambiente de Trabalho/ACA/crc-main/serial/reverse_counter_15_0.vhd  ;         ;
; reverse_counter_7_0.vhd          ; yes             ; User VHDL File  ; C:/Users/aralm/OneDrive/Ambiente de Trabalho/ACA/crc-main/serial/reverse_counter_7_0.vhd   ;         ;
; flipflopT.vhd                    ; yes             ; User VHDL File  ; C:/Users/aralm/OneDrive/Ambiente de Trabalho/ACA/crc-main/serial/flipflopT.vhd             ;         ;
; mux2to1.vhd                      ; yes             ; User VHDL File  ; C:/Users/aralm/OneDrive/Ambiente de Trabalho/ACA/crc-main/serial/mux2to1.vhd               ;         ;
; gateNOr4.vhd                     ; yes             ; User VHDL File  ; C:/Users/aralm/OneDrive/Ambiente de Trabalho/ACA/crc-main/serial/gateNOr4.vhd              ;         ;
; gateAnd2.vhd                     ; yes             ; User VHDL File  ; C:/Users/aralm/OneDrive/Ambiente de Trabalho/ACA/crc-main/serial/gateAnd2.vhd              ;         ;
; flipflopD.vhd                    ; yes             ; User VHDL File  ; C:/Users/aralm/OneDrive/Ambiente de Trabalho/ACA/crc-main/serial/flipflopD.vhd             ;         ;
; mux8to1.vhd                      ; yes             ; User VHDL File  ; C:/Users/aralm/OneDrive/Ambiente de Trabalho/ACA/crc-main/serial/mux8to1.vhd               ;         ;
; selector2.vhd                    ; yes             ; User VHDL File  ; C:/Users/aralm/OneDrive/Ambiente de Trabalho/ACA/crc-main/serial/selector2.vhd             ;         ;
; mux4to1.vhd                      ; yes             ; User VHDL File  ; C:/Users/aralm/OneDrive/Ambiente de Trabalho/ACA/crc-main/serial/mux4to1.vhd               ;         ;
; gateXOR2.vhd                     ; yes             ; User VHDL File  ; C:/Users/aralm/OneDrive/Ambiente de Trabalho/ACA/crc-main/serial/gateXOR2.vhd              ;         ;
; non_delayer.vhd                  ; yes             ; User VHDL File  ; C:/Users/aralm/OneDrive/Ambiente de Trabalho/ACA/crc-main/serial/non_delayer.vhd           ;         ;
+----------------------------------+-----------------+-----------------+--------------------------------------------------------------------------------------------+---------+


+---------------------------------------------+
; Analysis & Synthesis Resource Usage Summary ;
+--------------------------+------------------+
; Resource                 ; Usage            ;
+--------------------------+------------------+
; I/O pins                 ; 5                ;
;                          ;                  ;
; DSP block 9-bit elements ; 0                ;
;                          ;                  ;
; Maximum fan-out node     ; clk~input        ;
; Maximum fan-out          ; 17               ;
; Total fan-out            ; 166              ;
; Average fan-out          ; 2.77             ;
+--------------------------+------------------+


+-----------------------------------------------------------------------------------------------------------------------------------------------------------------------------------------------------------------------------------------------------------------------------------------------------------------------------------------+
; Analysis & Synthesis Resource Utilization by Entity                                                                                                                                                                                                                                                                                     ;
+------------------------------------------+---------------------+---------------------------+-------------+--------------+---------+-----------+-----------+------+--------------+----------------------------------------------------------------------------------------------------------------+-----------------------+--------------+
; Compilation Hierarchy Node               ; Combinational ALUTs ; Dedicated Logic Registers ; Memory Bits ; DSP Elements ; DSP 9x9 ; DSP 18x18 ; DSP 36x36 ; Pins ; Virtual Pins ; Full Hierarchy Name                                                                                            ; Entity Name           ; Library Name ;
+------------------------------------------+---------------------+---------------------------+-------------+--------------+---------+-----------+-----------+------+--------------+----------------------------------------------------------------------------------------------------------------+-----------------------+--------------+
; |encoder_serial                          ; 33 (0)              ; 17 (0)                    ; 0           ; 0            ; 0       ; 0         ; 0         ; 5    ; 0            ; |encoder_serial                                                                                                ; encoder_serial        ; work         ;
;    |encoder_semi_parallel:semi_parallel| ; 24 (0)              ; 14 (0)                    ; 0           ; 0            ; 0       ; 0         ; 0         ; 0    ; 0            ; |encoder_serial|encoder_semi_parallel:semi_parallel                                                            ; encoder_semi_parallel ; work         ;
;       |ai_divider:ai_div|                ; 9 (0)               ; 0 (0)                     ; 0           ; 0            ; 0       ; 0         ; 0         ; 0    ; 0            ; |encoder_serial|encoder_semi_parallel:semi_parallel|ai_divider:ai_div                                          ; ai_divider            ; work         ;
;          |gateAnd2:nr|                   ; 1 (1)               ; 0 (0)                     ; 0           ; 0            ; 0       ; 0         ; 0         ; 0    ; 0            ; |encoder_serial|encoder_semi_parallel:semi_parallel|ai_divider:ai_div|gateAnd2:nr                              ; gateAnd2              ; work         ;
;          |selector2:sel|                 ; 8 (8)               ; 0 (0)                     ; 0           ; 0            ; 0       ; 0         ; 0         ; 0    ; 0            ; |encoder_serial|encoder_semi_parallel:semi_parallel|ai_divider:ai_div|selector2:sel                            ; selector2             ; work         ;
;       |flipFlopD:final2|                 ; 0 (0)               ; 1 (1)                     ; 0           ; 0            ; 0       ; 0         ; 0         ; 0    ; 0            ; |encoder_serial|encoder_semi_parallel:semi_parallel|flipFlopD:final2                                           ; flipFlopD             ; work         ;
;       |gateNOr4:final1|                  ; 1 (1)               ; 0 (0)                     ; 0           ; 0            ; 0       ; 0         ; 0         ; 0    ; 0            ; |encoder_serial|encoder_semi_parallel:semi_parallel|gateNOr4:final1                                            ; gateNOr4              ; work         ;
;       |non_delayer:nd|                   ; 2 (1)               ; 1 (0)                     ; 0           ; 0            ; 0       ; 0         ; 0         ; 0    ; 0            ; |encoder_serial|encoder_semi_parallel:semi_parallel|non_delayer:nd                                             ; non_delayer           ; work         ;
;          |flipFlopT:ff0|                 ; 1 (0)               ; 1 (0)                     ; 0           ; 0            ; 0       ; 0         ; 0         ; 0    ; 0            ; |encoder_serial|encoder_semi_parallel:semi_parallel|non_delayer:nd|flipFlopT:ff0                               ; flipFlopT             ; work         ;
;             |flipFlopD:andd1|            ; 1 (1)               ; 1 (1)                     ; 0           ; 0            ; 0       ; 0         ; 0         ; 0    ; 0            ; |encoder_serial|encoder_semi_parallel:semi_parallel|non_delayer:nd|flipFlopT:ff0|flipFlopD:andd1               ; flipFlopD             ; work         ;
;       |reverse_counter_15_0:counter|     ; 4 (0)               ; 4 (0)                     ; 0           ; 0            ; 0       ; 0         ; 0         ; 0    ; 0            ; |encoder_serial|encoder_semi_parallel:semi_parallel|reverse_counter_15_0:counter                               ; reverse_counter_15_0  ; work         ;
;          |flipFlopT:ff0|                 ; 1 (0)               ; 1 (0)                     ; 0           ; 0            ; 0       ; 0         ; 0         ; 0    ; 0            ; |encoder_serial|encoder_semi_parallel:semi_parallel|reverse_counter_15_0:counter|flipFlopT:ff0                 ; flipFlopT             ; work         ;
;             |flipFlopD:andd1|            ; 1 (1)               ; 1 (1)                     ; 0           ; 0            ; 0       ; 0         ; 0         ; 0    ; 0            ; |encoder_serial|encoder_semi_parallel:semi_parallel|reverse_counter_15_0:counter|flipFlopT:ff0|flipFlopD:andd1 ; flipFlopD             ; work         ;
;          |flipFlopT:ff1|                 ; 1 (0)               ; 1 (0)                     ; 0           ; 0            ; 0       ; 0         ; 0         ; 0    ; 0            ; |encoder_serial|encoder_semi_parallel:semi_parallel|reverse_counter_15_0:counter|flipFlopT:ff1                 ; flipFlopT             ; work         ;
;             |flipFlopD:andd1|            ; 1 (1)               ; 1 (1)                     ; 0           ; 0            ; 0       ; 0         ; 0         ; 0    ; 0            ; |encoder_serial|encoder_semi_parallel:semi_parallel|reverse_counter_15_0:counter|flipFlopT:ff1|flipFlopD:andd1 ; flipFlopD             ; work         ;
;          |flipFlopT:ff2|                 ; 1 (0)               ; 1 (0)                     ; 0           ; 0            ; 0       ; 0         ; 0         ; 0    ; 0            ; |encoder_serial|encoder_semi_parallel:semi_parallel|reverse_counter_15_0:counter|flipFlopT:ff2                 ; flipFlopT             ; work         ;
;             |flipFlopD:andd1|            ; 1 (1)               ; 1 (1)                     ; 0           ; 0            ; 0       ; 0         ; 0         ; 0    ; 0            ; |encoder_serial|encoder_semi_parallel:semi_parallel|reverse_counter_15_0:counter|flipFlopT:ff2|flipFlopD:andd1 ; flipFlopD             ; work         ;
;          |flipFlopT:ff3|                 ; 1 (0)               ; 1 (0)                     ; 0           ; 0            ; 0       ; 0         ; 0         ; 0    ; 0            ; |encoder_serial|encoder_semi_parallel:semi_parallel|reverse_counter_15_0:counter|flipFlopT:ff3                 ; flipFlopT             ; work         ;
;             |flipFlopD:andd1|            ; 1 (1)               ; 1 (1)                     ; 0           ; 0            ; 0       ; 0         ; 0         ; 0    ; 0            ; |encoder_serial|encoder_semi_parallel:semi_parallel|reverse_counter_15_0:counter|flipFlopT:ff3|flipFlopD:andd1 ; flipFlopD             ; work         ;
;       |xfo:xors|                         ; 8 (0)               ; 8 (0)                     ; 0           ; 0            ; 0       ; 0         ; 0         ; 0    ; 0            ; |encoder_serial|encoder_semi_parallel:semi_parallel|xfo:xors                                                   ; xfo                   ; work         ;
;          |flipFlopT:fft1|                ; 1 (0)               ; 1 (0)                     ; 0           ; 0            ; 0       ; 0         ; 0         ; 0    ; 0            ; |encoder_serial|encoder_semi_parallel:semi_parallel|xfo:xors|flipFlopT:fft1                                    ; flipFlopT             ; work         ;
;             |flipFlopD:andd1|            ; 1 (1)               ; 1 (1)                     ; 0           ; 0            ; 0       ; 0         ; 0         ; 0    ; 0            ; |encoder_serial|encoder_semi_parallel:semi_parallel|xfo:xors|flipFlopT:fft1|flipFlopD:andd1                    ; flipFlopD             ; work         ;
;          |flipFlopT:fft2|                ; 1 (0)               ; 1 (0)                     ; 0           ; 0            ; 0       ; 0         ; 0         ; 0    ; 0            ; |encoder_serial|encoder_semi_parallel:semi_parallel|xfo:xors|flipFlopT:fft2                                    ; flipFlopT             ; work         ;
;             |flipFlopD:andd1|            ; 1 (1)               ; 1 (1)                     ; 0           ; 0            ; 0       ; 0         ; 0         ; 0    ; 0            ; |encoder_serial|encoder_semi_parallel:semi_parallel|xfo:xors|flipFlopT:fft2|flipFlopD:andd1                    ; flipFlopD             ; work         ;
;          |flipFlopT:fft3|                ; 1 (0)               ; 1 (0)                     ; 0           ; 0            ; 0       ; 0         ; 0         ; 0    ; 0            ; |encoder_serial|encoder_semi_parallel:semi_parallel|xfo:xors|flipFlopT:fft3                                    ; flipFlopT             ; work         ;
;             |flipFlopD:andd1|            ; 1 (1)               ; 1 (1)                     ; 0           ; 0            ; 0       ; 0         ; 0         ; 0    ; 0            ; |encoder_serial|encoder_semi_parallel:semi_parallel|xfo:xors|flipFlopT:fft3|flipFlopD:andd1                    ; flipFlopD             ; work         ;
;          |flipFlopT:fft4|                ; 1 (0)               ; 1 (0)                     ; 0           ; 0            ; 0       ; 0         ; 0         ; 0    ; 0            ; |encoder_serial|encoder_semi_parallel:semi_parallel|xfo:xors|flipFlopT:fft4                                    ; flipFlopT             ; work         ;
;             |flipFlopD:andd1|            ; 1 (1)               ; 1 (1)                     ; 0           ; 0            ; 0       ; 0         ; 0         ; 0    ; 0            ; |encoder_serial|encoder_semi_parallel:semi_parallel|xfo:xors|flipFlopT:fft4|flipFlopD:andd1                    ; flipFlopD             ; work         ;
;          |flipFlopT:fft5|                ; 1 (0)               ; 1 (0)                     ; 0           ; 0            ; 0       ; 0         ; 0         ; 0    ; 0            ; |encoder_serial|encoder_semi_parallel:semi_parallel|xfo:xors|flipFlopT:fft5                                    ; flipFlopT             ; work         ;
;             |flipFlopD:andd1|            ; 1 (1)               ; 1 (1)                     ; 0           ; 0            ; 0       ; 0         ; 0         ; 0    ; 0            ; |encoder_serial|encoder_semi_parallel:semi_parallel|xfo:xors|flipFlopT:fft5|flipFlopD:andd1                    ; flipFlopD             ; work         ;
;          |flipFlopT:fft6|                ; 1 (0)               ; 1 (0)                     ; 0           ; 0            ; 0       ; 0         ; 0         ; 0    ; 0            ; |encoder_serial|encoder_semi_parallel:semi_parallel|xfo:xors|flipFlopT:fft6                                    ; flipFlopT             ; work         ;
;             |flipFlopD:andd1|            ; 1 (1)               ; 1 (1)                     ; 0           ; 0            ; 0       ; 0         ; 0         ; 0    ; 0            ; |encoder_serial|encoder_semi_parallel:semi_parallel|xfo:xors|flipFlopT:fft6|flipFlopD:andd1                    ; flipFlopD             ; work         ;
;          |flipFlopT:fft7|                ; 1 (0)               ; 1 (0)                     ; 0           ; 0            ; 0       ; 0         ; 0         ; 0    ; 0            ; |encoder_serial|encoder_semi_parallel:semi_parallel|xfo:xors|flipFlopT:fft7                                    ; flipFlopT             ; work         ;
;             |flipFlopD:andd1|            ; 1 (1)               ; 1 (1)                     ; 0           ; 0            ; 0       ; 0         ; 0         ; 0    ; 0            ; |encoder_serial|encoder_semi_parallel:semi_parallel|xfo:xors|flipFlopT:fft7|flipFlopD:andd1                    ; flipFlopD             ; work         ;
;          |flipFlopT:fft8|                ; 1 (0)               ; 1 (0)                     ; 0           ; 0            ; 0       ; 0         ; 0         ; 0    ; 0            ; |encoder_serial|encoder_semi_parallel:semi_parallel|xfo:xors|flipFlopT:fft8                                    ; flipFlopT             ; work         ;
;             |flipFlopD:andd1|            ; 1 (1)               ; 1 (1)                     ; 0           ; 0            ; 0       ; 0         ; 0         ; 0    ; 0            ; |encoder_serial|encoder_semi_parallel:semi_parallel|xfo:xors|flipFlopT:fft8|flipFlopD:andd1                    ; flipFlopD             ; work         ;
;    |mux2to1:final|                       ; 2 (2)               ; 0 (0)                     ; 0           ; 0            ; 0       ; 0         ; 0         ; 0    ; 0            ; |encoder_serial|mux2to1:final                                                                                  ; mux2to1               ; work         ;
;    |rserializer:serializer|              ; 7 (0)               ; 3 (0)                     ; 0           ; 0            ; 0       ; 0         ; 0         ; 0    ; 0            ; |encoder_serial|rserializer:serializer                                                                         ; rserializer           ; work         ;
;       |mux8to1:mux|                      ; 4 (0)               ; 0 (0)                     ; 0           ; 0            ; 0       ; 0         ; 0         ; 0    ; 0            ; |encoder_serial|rserializer:serializer|mux8to1:mux                                                             ; mux8to1               ; work         ;
;          |mux4to1:res2|                  ; 4 (0)               ; 0 (0)                     ; 0           ; 0            ; 0       ; 0         ; 0         ; 0    ; 0            ; |encoder_serial|rserializer:serializer|mux8to1:mux|mux4to1:res2                                                ; mux4to1               ; work         ;
;             |mux2to1:final|              ; 4 (4)               ; 0 (0)                     ; 0           ; 0            ; 0       ; 0         ; 0         ; 0    ; 0            ; |encoder_serial|rserializer:serializer|mux8to1:mux|mux4to1:res2|mux2to1:final                                  ; mux2to1               ; work         ;
;       |reverse_counter_7_0:counter|      ; 3 (0)               ; 3 (0)                     ; 0           ; 0            ; 0       ; 0         ; 0         ; 0    ; 0            ; |encoder_serial|rserializer:serializer|reverse_counter_7_0:counter                                             ; reverse_counter_7_0   ; work         ;
;          |flipFlopT:ff0|                 ; 1 (0)               ; 1 (0)                     ; 0           ; 0            ; 0       ; 0         ; 0         ; 0    ; 0            ; |encoder_serial|rserializer:serializer|reverse_counter_7_0:counter|flipFlopT:ff0                               ; flipFlopT             ; work         ;
;             |flipFlopD:andd1|            ; 1 (1)               ; 1 (1)                     ; 0           ; 0            ; 0       ; 0         ; 0         ; 0    ; 0            ; |encoder_serial|rserializer:serializer|reverse_counter_7_0:counter|flipFlopT:ff0|flipFlopD:andd1               ; flipFlopD             ; work         ;
;          |flipFlopT:ff1|                 ; 1 (0)               ; 1 (0)                     ; 0           ; 0            ; 0       ; 0         ; 0         ; 0    ; 0            ; |encoder_serial|rserializer:serializer|reverse_counter_7_0:counter|flipFlopT:ff1                               ; flipFlopT             ; work         ;
;             |flipFlopD:andd1|            ; 1 (1)               ; 1 (1)                     ; 0           ; 0            ; 0       ; 0         ; 0         ; 0    ; 0            ; |encoder_serial|rserializer:serializer|reverse_counter_7_0:counter|flipFlopT:ff1|flipFlopD:andd1               ; flipFlopD             ; work         ;
;          |flipFlopT:ff2|                 ; 1 (0)               ; 1 (0)                     ; 0           ; 0            ; 0       ; 0         ; 0         ; 0    ; 0            ; |encoder_serial|rserializer:serializer|reverse_counter_7_0:counter|flipFlopT:ff2                               ; flipFlopT             ; work         ;
;             |flipFlopD:andd1|            ; 1 (1)               ; 1 (1)                     ; 0           ; 0            ; 0       ; 0         ; 0         ; 0    ; 0            ; |encoder_serial|rserializer:serializer|reverse_counter_7_0:counter|flipFlopT:ff2|flipFlopD:andd1               ; flipFlopD             ; work         ;
+------------------------------------------+---------------------+---------------------------+-------------+--------------+---------+-----------+-----------+------+--------------+----------------------------------------------------------------------------------------------------------------+-----------------------+--------------+
Note: For table entries with two numbers listed, the numbers in parentheses indicate the number of resources of the given type used by the specific entity alone. The numbers listed outside of parentheses indicate the total resources of the given type used by the specific entity and all of its sub-entities in the hierarchy.


+------------------------------------------------------+
; General Register Statistics                          ;
+----------------------------------------------+-------+
; Statistic                                    ; Value ;
+----------------------------------------------+-------+
; Total registers                              ; 17    ;
; Number of registers using Synchronous Clear  ; 0     ;
; Number of registers using Synchronous Load   ; 0     ;
; Number of registers using Asynchronous Clear ; 17    ;
; Number of registers using Asynchronous Load  ; 0     ;
; Number of registers using Clock Enable       ; 0     ;
; Number of registers using Preset             ; 0     ;
+----------------------------------------------+-------+


+----------------------------------------------------------------------------------------------------------------+
; Port Connectivity Checks: "rserializer:serializer|reverse_counter_7_0:counter|flipFlopT:ff2"                   ;
+------+--------+----------+-------------------------------------------------------------------------------------+
; Port ; Type   ; Severity ; Details                                                                             ;
+------+--------+----------+-------------------------------------------------------------------------------------+
; nq   ; Output ; Info     ; Connected to dangling logic. Logic that only feeds a dangling port will be removed. ;
+------+--------+----------+-------------------------------------------------------------------------------------+


+----------------------------------------------------------------------------------------------------------------+
; Port Connectivity Checks: "rserializer:serializer|reverse_counter_7_0:counter|flipFlopT:ff1"                   ;
+------+--------+----------+-------------------------------------------------------------------------------------+
; Port ; Type   ; Severity ; Details                                                                             ;
+------+--------+----------+-------------------------------------------------------------------------------------+
; nq   ; Output ; Info     ; Connected to dangling logic. Logic that only feeds a dangling port will be removed. ;
+------+--------+----------+-------------------------------------------------------------------------------------+


+----------------------------------------------------------------------------------------------------------------+
; Port Connectivity Checks: "rserializer:serializer|reverse_counter_7_0:counter|flipFlopT:ff0"                   ;
+------+--------+----------+-------------------------------------------------------------------------------------+
; Port ; Type   ; Severity ; Details                                                                             ;
+------+--------+----------+-------------------------------------------------------------------------------------+
; t    ; Input  ; Info     ; Stuck at VCC                                                                        ;
; nq   ; Output ; Info     ; Connected to dangling logic. Logic that only feeds a dangling port will be removed. ;
+------+--------+----------+-------------------------------------------------------------------------------------+


+----------------------------------------------------------------------------------------------------------------+
; Port Connectivity Checks: "encoder_semi_parallel:semi_parallel|non_delayer:nd|flipFlopT:ff0"                   ;
+------+--------+----------+-------------------------------------------------------------------------------------+
; Port ; Type   ; Severity ; Details                                                                             ;
+------+--------+----------+-------------------------------------------------------------------------------------+
; nq   ; Output ; Info     ; Connected to dangling logic. Logic that only feeds a dangling port will be removed. ;
+------+--------+----------+-------------------------------------------------------------------------------------+


+-------------------------------------------------------------------------------------------------------------------------------------+
; Port Connectivity Checks: "encoder_semi_parallel:semi_parallel|xfo:xors|flipFlopT:fft8"                                             ;
+------+--------+----------+----------------------------------------------------------------------------------------------------------+
; Port ; Type   ; Severity ; Details                                                                                                  ;
+------+--------+----------+----------------------------------------------------------------------------------------------------------+
; nq   ; Output ; Warning  ; Declared by entity but not connected by instance. Logic that only feeds a dangling port will be removed. ;
+------+--------+----------+----------------------------------------------------------------------------------------------------------+


+-------------------------------------------------------------------------------------------------------------------------------------+
; Port Connectivity Checks: "encoder_semi_parallel:semi_parallel|xfo:xors|flipFlopT:fft7"                                             ;
+------+--------+----------+----------------------------------------------------------------------------------------------------------+
; Port ; Type   ; Severity ; Details                                                                                                  ;
+------+--------+----------+----------------------------------------------------------------------------------------------------------+
; nq   ; Output ; Warning  ; Declared by entity but not connected by instance. Logic that only feeds a dangling port will be removed. ;
+------+--------+----------+----------------------------------------------------------------------------------------------------------+


+-------------------------------------------------------------------------------------------------------------------------------------+
; Port Connectivity Checks: "encoder_semi_parallel:semi_parallel|xfo:xors|flipFlopT:fft6"                                             ;
+------+--------+----------+----------------------------------------------------------------------------------------------------------+
; Port ; Type   ; Severity ; Details                                                                                                  ;
+------+--------+----------+----------------------------------------------------------------------------------------------------------+
; nq   ; Output ; Warning  ; Declared by entity but not connected by instance. Logic that only feeds a dangling port will be removed. ;
+------+--------+----------+----------------------------------------------------------------------------------------------------------+


+-------------------------------------------------------------------------------------------------------------------------------------+
; Port Connectivity Checks: "encoder_semi_parallel:semi_parallel|xfo:xors|flipFlopT:fft5"                                             ;
+------+--------+----------+----------------------------------------------------------------------------------------------------------+
; Port ; Type   ; Severity ; Details                                                                                                  ;
+------+--------+----------+----------------------------------------------------------------------------------------------------------+
; nq   ; Output ; Warning  ; Declared by entity but not connected by instance. Logic that only feeds a dangling port will be removed. ;
+------+--------+----------+----------------------------------------------------------------------------------------------------------+


+-------------------------------------------------------------------------------------------------------------------------------------+
; Port Connectivity Checks: "encoder_semi_parallel:semi_parallel|xfo:xors|flipFlopT:fft4"                                             ;
+------+--------+----------+----------------------------------------------------------------------------------------------------------+
; Port ; Type   ; Severity ; Details                                                                                                  ;
+------+--------+----------+----------------------------------------------------------------------------------------------------------+
; nq   ; Output ; Warning  ; Declared by entity but not connected by instance. Logic that only feeds a dangling port will be removed. ;
+------+--------+----------+----------------------------------------------------------------------------------------------------------+


+-------------------------------------------------------------------------------------------------------------------------------------+
; Port Connectivity Checks: "encoder_semi_parallel:semi_parallel|xfo:xors|flipFlopT:fft3"                                             ;
+------+--------+----------+----------------------------------------------------------------------------------------------------------+
; Port ; Type   ; Severity ; Details                                                                                                  ;
+------+--------+----------+----------------------------------------------------------------------------------------------------------+
; nq   ; Output ; Warning  ; Declared by entity but not connected by instance. Logic that only feeds a dangling port will be removed. ;
+------+--------+----------+----------------------------------------------------------------------------------------------------------+


+-------------------------------------------------------------------------------------------------------------------------------------+
; Port Connectivity Checks: "encoder_semi_parallel:semi_parallel|xfo:xors|flipFlopT:fft2"                                             ;
+------+--------+----------+----------------------------------------------------------------------------------------------------------+
; Port ; Type   ; Severity ; Details                                                                                                  ;
+------+--------+----------+----------------------------------------------------------------------------------------------------------+
; nq   ; Output ; Warning  ; Declared by entity but not connected by instance. Logic that only feeds a dangling port will be removed. ;
+------+--------+----------+----------------------------------------------------------------------------------------------------------+


+-------------------------------------------------------------------------------------------------------------------------------------+
; Port Connectivity Checks: "encoder_semi_parallel:semi_parallel|xfo:xors|flipFlopT:fft1"                                             ;
+------+--------+----------+----------------------------------------------------------------------------------------------------------+
; Port ; Type   ; Severity ; Details                                                                                                  ;
+------+--------+----------+----------------------------------------------------------------------------------------------------------+
; nq   ; Output ; Warning  ; Declared by entity but not connected by instance. Logic that only feeds a dangling port will be removed. ;
+------+--------+----------+----------------------------------------------------------------------------------------------------------+


+----------------------------------------------------------------------------------------------------------------+
; Port Connectivity Checks: "encoder_semi_parallel:semi_parallel|reverse_counter_15_0:counter|flipFlopT:ff3"     ;
+------+--------+----------+-------------------------------------------------------------------------------------+
; Port ; Type   ; Severity ; Details                                                                             ;
+------+--------+----------+-------------------------------------------------------------------------------------+
; nq   ; Output ; Info     ; Connected to dangling logic. Logic that only feeds a dangling port will be removed. ;
+------+--------+----------+-------------------------------------------------------------------------------------+


+----------------------------------------------------------------------------------------------------------------+
; Port Connectivity Checks: "encoder_semi_parallel:semi_parallel|reverse_counter_15_0:counter|flipFlopT:ff2"     ;
+------+--------+----------+-------------------------------------------------------------------------------------+
; Port ; Type   ; Severity ; Details                                                                             ;
+------+--------+----------+-------------------------------------------------------------------------------------+
; nq   ; Output ; Info     ; Connected to dangling logic. Logic that only feeds a dangling port will be removed. ;
+------+--------+----------+-------------------------------------------------------------------------------------+


+----------------------------------------------------------------------------------------------------------------+
; Port Connectivity Checks: "encoder_semi_parallel:semi_parallel|reverse_counter_15_0:counter|flipFlopT:ff1"     ;
+------+--------+----------+-------------------------------------------------------------------------------------+
; Port ; Type   ; Severity ; Details                                                                             ;
+------+--------+----------+-------------------------------------------------------------------------------------+
; nq   ; Output ; Info     ; Connected to dangling logic. Logic that only feeds a dangling port will be removed. ;
+------+--------+----------+-------------------------------------------------------------------------------------+


+----------------------------------------------------------------------------------------------------------------+
; Port Connectivity Checks: "encoder_semi_parallel:semi_parallel|reverse_counter_15_0:counter|flipFlopT:ff0"     ;
+------+--------+----------+-------------------------------------------------------------------------------------+
; Port ; Type   ; Severity ; Details                                                                             ;
+------+--------+----------+-------------------------------------------------------------------------------------+
; t    ; Input  ; Info     ; Stuck at VCC                                                                        ;
; nq   ; Output ; Info     ; Connected to dangling logic. Logic that only feeds a dangling port will be removed. ;
+------+--------+----------+-------------------------------------------------------------------------------------+


+-----------------------------------------------------+
; Post-Synthesis Netlist Statistics for Top Partition ;
+-----------------------+-----------------------------+
; Type                  ; Count                       ;
+-----------------------+-----------------------------+
; boundary_port         ; 5                           ;
; cycloneiii_ff         ; 17                          ;
;     CLR               ; 17                          ;
; cycloneiii_lcell_comb ; 33                          ;
;     normal            ; 33                          ;
;         1 data inputs ; 2                           ;
;         2 data inputs ; 4                           ;
;         3 data inputs ; 10                          ;
;         4 data inputs ; 17                          ;
;                       ;                             ;
; Max LUT depth         ; 4.00                        ;
; Average LUT depth     ; 2.26                        ;
+-----------------------+-----------------------------+


+-------------------------------+
; Elapsed Time Per Partition    ;
+----------------+--------------+
; Partition Name ; Elapsed Time ;
+----------------+--------------+
; Top            ; 00:00:00     ;
+----------------+--------------+


+-------------------------------+
; Analysis & Synthesis Messages ;
+-------------------------------+
Info: *******************************************************************
Info: Running Quartus Prime Analysis & Synthesis
    Info: Version 20.1.0 Build 711 06/05/2020 SJ Lite Edition
    Info: Processing started: Wed Dec 09 20:29:36 2020
Info: Command: quartus_map --read_settings_files=on --write_settings_files=off encoder-checker-crc8 -c encoder-checker-crc8
Warning (18236): Number of processors has not been specified which may cause overloading on shared machines.  Set the global assignment NUM_PARALLEL_PROCESSORS in your QSF to an appropriate value for best performance.
Info (20030): Parallel compilation is enabled and will use 4 of the 4 processors detected
Info (12021): Found 2 design units, including 1 entities, in source file checker_serial.vhd
    Info (12022): Found design unit 1: checker_serial-structure File: C:/Users/aralm/OneDrive/Ambiente de Trabalho/ACA/crc-main/serial/checker_serial.vhd Line: 11
    Info (12023): Found entity 1: checker_serial File: C:/Users/aralm/OneDrive/Ambiente de Trabalho/ACA/crc-main/serial/checker_serial.vhd Line: 5
Info (12021): Found 2 design units, including 1 entities, in source file exploder.vhd
    Info (12022): Found design unit 1: exploder-behavior File: C:/Users/aralm/OneDrive/Ambiente de Trabalho/ACA/crc-main/serial/exploder.vhd Line: 10
    Info (12023): Found entity 1: exploder File: C:/Users/aralm/OneDrive/Ambiente de Trabalho/ACA/crc-main/serial/exploder.vhd Line: 4
Info (12021): Found 2 design units, including 1 entities, in source file encoder_serial.vhd
    Info (12022): Found design unit 1: encoder_serial-structure File: C:/Users/aralm/OneDrive/Ambiente de Trabalho/ACA/crc-main/serial/encoder_serial.vhd Line: 11
    Info (12023): Found entity 1: encoder_serial File: C:/Users/aralm/OneDrive/Ambiente de Trabalho/ACA/crc-main/serial/encoder_serial.vhd Line: 5
Info (12021): Found 2 design units, including 1 entities, in source file rserializer.vhd
    Info (12022): Found design unit 1: rserializer-structure File: C:/Users/aralm/OneDrive/Ambiente de Trabalho/ACA/crc-main/serial/rserializer.vhd Line: 11
    Info (12023): Found entity 1: rserializer File: C:/Users/aralm/OneDrive/Ambiente de Trabalho/ACA/crc-main/serial/rserializer.vhd Line: 5
Info (12021): Found 2 design units, including 1 entities, in source file encoder_semi_parallel.vhd
    Info (12022): Found design unit 1: encoder_semi_parallel-structure File: C:/Users/aralm/OneDrive/Ambiente de Trabalho/ACA/crc-main/serial/encoder_semi_parallel.vhd Line: 12
    Info (12023): Found entity 1: encoder_semi_parallel File: C:/Users/aralm/OneDrive/Ambiente de Trabalho/ACA/crc-main/serial/encoder_semi_parallel.vhd Line: 5
Info (12021): Found 2 design units, including 1 entities, in source file ai_divider.vhd
    Info (12022): Found design unit 1: ai_divider-structural File: C:/Users/aralm/OneDrive/Ambiente de Trabalho/ACA/crc-main/serial/ai_divider.vhd Line: 12
    Info (12023): Found entity 1: ai_divider File: C:/Users/aralm/OneDrive/Ambiente de Trabalho/ACA/crc-main/serial/ai_divider.vhd Line: 5
Info (12021): Found 2 design units, including 1 entities, in source file xfo.vhd
    Info (12022): Found design unit 1: xfo-structure File: C:/Users/aralm/OneDrive/Ambiente de Trabalho/ACA/crc-main/serial/xfo.vhd Line: 11
    Info (12023): Found entity 1: xfo File: C:/Users/aralm/OneDrive/Ambiente de Trabalho/ACA/crc-main/serial/xfo.vhd Line: 5
Info (12021): Found 2 design units, including 1 entities, in source file reverse_counter_15_0.vhd
    Info (12022): Found design unit 1: reverse_counter_15_0-structural File: C:/Users/aralm/OneDrive/Ambiente de Trabalho/ACA/crc-main/serial/reverse_counter_15_0.vhd Line: 11
    Info (12023): Found entity 1: reverse_counter_15_0 File: C:/Users/aralm/OneDrive/Ambiente de Trabalho/ACA/crc-main/serial/reverse_counter_15_0.vhd Line: 5
Info (12021): Found 2 design units, including 1 entities, in source file reverse_counter_7_0.vhd
    Info (12022): Found design unit 1: reverse_counter_7_0-structural File: C:/Users/aralm/OneDrive/Ambiente de Trabalho/ACA/crc-main/serial/reverse_counter_7_0.vhd Line: 11
    Info (12023): Found entity 1: reverse_counter_7_0 File: C:/Users/aralm/OneDrive/Ambiente de Trabalho/ACA/crc-main/serial/reverse_counter_7_0.vhd Line: 5
Info (12021): Found 2 design units, including 1 entities, in source file flipflopt.vhd
    Info (12022): Found design unit 1: flipFlopT-structural File: C:/Users/aralm/OneDrive/Ambiente de Trabalho/ACA/crc-main/serial/flipflopT.vhd Line: 10
    Info (12023): Found entity 1: flipFlopT File: C:/Users/aralm/OneDrive/Ambiente de Trabalho/ACA/crc-main/serial/flipflopT.vhd Line: 4
Info (12021): Found 2 design units, including 1 entities, in source file mux16to1.vhd
    Info (12022): Found design unit 1: mux16to1-structural File: C:/Users/aralm/OneDrive/Ambiente de Trabalho/ACA/crc-main/serial/mux16to1.vhd Line: 11
    Info (12023): Found entity 1: mux16to1 File: C:/Users/aralm/OneDrive/Ambiente de Trabalho/ACA/crc-main/serial/mux16to1.vhd Line: 5
Info (12021): Found 2 design units, including 1 entities, in source file mux2to1.vhd
    Info (12022): Found design unit 1: mux2to1-behavior File: C:/Users/aralm/OneDrive/Ambiente de Trabalho/ACA/crc-main/serial/mux2to1.vhd Line: 11
    Info (12023): Found entity 1: mux2to1 File: C:/Users/aralm/OneDrive/Ambiente de Trabalho/ACA/crc-main/serial/mux2to1.vhd Line: 5
Info (12021): Found 2 design units, including 1 entities, in source file gatenor4.vhd
    Info (12022): Found design unit 1: gateNOr4-behavior File: C:/Users/aralm/OneDrive/Ambiente de Trabalho/ACA/crc-main/serial/gateNOr4.vhd Line: 10
    Info (12023): Found entity 1: gateNOr4 File: C:/Users/aralm/OneDrive/Ambiente de Trabalho/ACA/crc-main/serial/gateNOr4.vhd Line: 5
Info (12021): Found 2 design units, including 1 entities, in source file gateand2.vhd
    Info (12022): Found design unit 1: gateAnd2-behavior File: C:/Users/aralm/OneDrive/Ambiente de Trabalho/ACA/crc-main/serial/gateAnd2.vhd Line: 9
    Info (12023): Found entity 1: gateAnd2 File: C:/Users/aralm/OneDrive/Ambiente de Trabalho/ACA/crc-main/serial/gateAnd2.vhd Line: 4
Info (12021): Found 2 design units, including 1 entities, in source file flipflopd.vhd
    Info (12022): Found design unit 1: flipFlopD-behavior File: C:/Users/aralm/OneDrive/Ambiente de Trabalho/ACA/crc-main/serial/flipflopD.vhd Line: 10
    Info (12023): Found entity 1: flipFlopD File: C:/Users/aralm/OneDrive/Ambiente de Trabalho/ACA/crc-main/serial/flipflopD.vhd Line: 4
Info (12021): Found 2 design units, including 1 entities, in source file mux8to1.vhd
    Info (12022): Found design unit 1: mux8to1-structural File: C:/Users/aralm/OneDrive/Ambiente de Trabalho/ACA/crc-main/serial/mux8to1.vhd Line: 11
    Info (12023): Found entity 1: mux8to1 File: C:/Users/aralm/OneDrive/Ambiente de Trabalho/ACA/crc-main/serial/mux8to1.vhd Line: 5
Info (12021): Found 2 design units, including 1 entities, in source file selector2.vhd
    Info (12022): Found design unit 1: selector2-behavior File: C:/Users/aralm/OneDrive/Ambiente de Trabalho/ACA/crc-main/serial/selector2.vhd Line: 10
    Info (12023): Found entity 1: selector2 File: C:/Users/aralm/OneDrive/Ambiente de Trabalho/ACA/crc-main/serial/selector2.vhd Line: 5
Info (12021): Found 2 design units, including 1 entities, in source file gateor3.vhd
    Info (12022): Found design unit 1: gateOr3-behavior File: C:/Users/aralm/OneDrive/Ambiente de Trabalho/ACA/crc-main/serial/gateOr3.vhd Line: 10
    Info (12023): Found entity 1: gateOr3 File: C:/Users/aralm/OneDrive/Ambiente de Trabalho/ACA/crc-main/serial/gateOr3.vhd Line: 5
Info (12021): Found 2 design units, including 1 entities, in source file mux4to1.vhd
    Info (12022): Found design unit 1: mux4to1-structural File: C:/Users/aralm/OneDrive/Ambiente de Trabalho/ACA/crc-main/serial/mux4to1.vhd Line: 11
    Info (12023): Found entity 1: mux4to1 File: C:/Users/aralm/OneDrive/Ambiente de Trabalho/ACA/crc-main/serial/mux4to1.vhd Line: 5
Info (12021): Found 2 design units, including 1 entities, in source file gateand3.vhd
    Info (12022): Found design unit 1: gateAnd3-behavior File: C:/Users/aralm/OneDrive/Ambiente de Trabalho/ACA/crc-main/serial/gateAnd3.vhd Line: 10
    Info (12023): Found entity 1: gateAnd3 File: C:/Users/aralm/OneDrive/Ambiente de Trabalho/ACA/crc-main/serial/gateAnd3.vhd Line: 5
Info (12021): Found 2 design units, including 1 entities, in source file gatenor2.vhd
    Info (12022): Found design unit 1: gateNOr2-behavior File: C:/Users/aralm/OneDrive/Ambiente de Trabalho/ACA/crc-main/serial/gateNOr2.vhd Line: 10
    Info (12023): Found entity 1: gateNOr2 File: C:/Users/aralm/OneDrive/Ambiente de Trabalho/ACA/crc-main/serial/gateNOr2.vhd Line: 5
Info (12021): Found 2 design units, including 1 entities, in source file gatexor2.vhd
    Info (12022): Found design unit 1: gateXOR2-behavior File: C:/Users/aralm/OneDrive/Ambiente de Trabalho/ACA/crc-main/serial/gateXOR2.vhd Line: 9
    Info (12023): Found entity 1: gateXOR2 File: C:/Users/aralm/OneDrive/Ambiente de Trabalho/ACA/crc-main/serial/gateXOR2.vhd Line: 4
Info (12021): Found 2 design units, including 1 entities, in source file selector.vhd
    Info (12022): Found design unit 1: selector-structural File: C:/Users/aralm/OneDrive/Ambiente de Trabalho/ACA/crc-main/serial/selector.vhd Line: 10
    Info (12023): Found entity 1: selector File: C:/Users/aralm/OneDrive/Ambiente de Trabalho/ACA/crc-main/serial/selector.vhd Line: 5
Info (12021): Found 2 design units, including 1 entities, in source file non_delayer.vhd
    Info (12022): Found design unit 1: non_delayer-structure File: C:/Users/aralm/OneDrive/Ambiente de Trabalho/ACA/crc-main/serial/non_delayer.vhd Line: 10
    Info (12023): Found entity 1: non_delayer File: C:/Users/aralm/OneDrive/Ambiente de Trabalho/ACA/crc-main/serial/non_delayer.vhd Line: 5
Info (12127): Elaborating entity "encoder_serial" for the top level hierarchy
Info (12128): Elaborating entity "encoder_semi_parallel" for hierarchy "encoder_semi_parallel:semi_parallel" File: C:/Users/aralm/OneDrive/Ambiente de Trabalho/ACA/crc-main/serial/encoder_serial.vhd Line: 38
Info (12128): Elaborating entity "reverse_counter_15_0" for hierarchy "encoder_semi_parallel:semi_parallel|reverse_counter_15_0:counter" File: C:/Users/aralm/OneDrive/Ambiente de Trabalho/ACA/crc-main/serial/encoder_semi_parallel.vhd Line: 60
Warning (10036): Verilog HDL or VHDL warning at reverse_counter_15_0.vhd(14): object "nQ0" assigned a value but never read File: C:/Users/aralm/OneDrive/Ambiente de Trabalho/ACA/crc-main/serial/reverse_counter_15_0.vhd Line: 14
Warning (10036): Verilog HDL or VHDL warning at reverse_counter_15_0.vhd(16): object "nQ1" assigned a value but never read File: C:/Users/aralm/OneDrive/Ambiente de Trabalho/ACA/crc-main/serial/reverse_counter_15_0.vhd Line: 16
Warning (10036): Verilog HDL or VHDL warning at reverse_counter_15_0.vhd(19): object "nQ2" assigned a value but never read File: C:/Users/aralm/OneDrive/Ambiente de Trabalho/ACA/crc-main/serial/reverse_counter_15_0.vhd Line: 19
Info (12128): Elaborating entity "flipFlopT" for hierarchy "encoder_semi_parallel:semi_parallel|reverse_counter_15_0:counter|flipFlopT:ff0" File: C:/Users/aralm/OneDrive/Ambiente de Trabalho/ACA/crc-main/serial/reverse_counter_15_0.vhd Line: 35
Info (12128): Elaborating entity "gateXOR2" for hierarchy "encoder_semi_parallel:semi_parallel|reverse_counter_15_0:counter|flipFlopT:ff0|gateXOR2:xorr" File: C:/Users/aralm/OneDrive/Ambiente de Trabalho/ACA/crc-main/serial/flipflopT.vhd Line: 27
Info (12128): Elaborating entity "flipFlopD" for hierarchy "encoder_semi_parallel:semi_parallel|reverse_counter_15_0:counter|flipFlopT:ff0|flipFlopD:andd1" File: C:/Users/aralm/OneDrive/Ambiente de Trabalho/ACA/crc-main/serial/flipflopT.vhd Line: 28
Info (12128): Elaborating entity "gateAnd2" for hierarchy "encoder_semi_parallel:semi_parallel|reverse_counter_15_0:counter|gateAnd2:andd" File: C:/Users/aralm/OneDrive/Ambiente de Trabalho/ACA/crc-main/serial/reverse_counter_15_0.vhd Line: 37
Info (12128): Elaborating entity "ai_divider" for hierarchy "encoder_semi_parallel:semi_parallel|ai_divider:ai_div" File: C:/Users/aralm/OneDrive/Ambiente de Trabalho/ACA/crc-main/serial/encoder_semi_parallel.vhd Line: 61
Info (12128): Elaborating entity "selector2" for hierarchy "encoder_semi_parallel:semi_parallel|ai_divider:ai_div|selector2:sel" File: C:/Users/aralm/OneDrive/Ambiente de Trabalho/ACA/crc-main/serial/ai_divider.vhd Line: 30
Info (12128): Elaborating entity "xfo" for hierarchy "encoder_semi_parallel:semi_parallel|xfo:xors" File: C:/Users/aralm/OneDrive/Ambiente de Trabalho/ACA/crc-main/serial/encoder_semi_parallel.vhd Line: 62
Info (12128): Elaborating entity "gateNOr4" for hierarchy "encoder_semi_parallel:semi_parallel|gateNOr4:final1" File: C:/Users/aralm/OneDrive/Ambiente de Trabalho/ACA/crc-main/serial/encoder_semi_parallel.vhd Line: 63
Info (12128): Elaborating entity "non_delayer" for hierarchy "encoder_semi_parallel:semi_parallel|non_delayer:nd" File: C:/Users/aralm/OneDrive/Ambiente de Trabalho/ACA/crc-main/serial/encoder_semi_parallel.vhd Line: 66
Info (12128): Elaborating entity "rserializer" for hierarchy "rserializer:serializer" File: C:/Users/aralm/OneDrive/Ambiente de Trabalho/ACA/crc-main/serial/encoder_serial.vhd Line: 39
Info (12128): Elaborating entity "reverse_counter_7_0" for hierarchy "rserializer:serializer|reverse_counter_7_0:counter" File: C:/Users/aralm/OneDrive/Ambiente de Trabalho/ACA/crc-main/serial/rserializer.vhd Line: 35
Warning (10036): Verilog HDL or VHDL warning at reverse_counter_7_0.vhd(14): object "nQ0" assigned a value but never read File: C:/Users/aralm/OneDrive/Ambiente de Trabalho/ACA/crc-main/serial/reverse_counter_7_0.vhd Line: 14
Warning (10036): Verilog HDL or VHDL warning at reverse_counter_7_0.vhd(16): object "nQ1" assigned a value but never read File: C:/Users/aralm/OneDrive/Ambiente de Trabalho/ACA/crc-main/serial/reverse_counter_7_0.vhd Line: 16
Info (12128): Elaborating entity "mux8to1" for hierarchy "rserializer:serializer|mux8to1:mux" File: C:/Users/aralm/OneDrive/Ambiente de Trabalho/ACA/crc-main/serial/rserializer.vhd Line: 36
Info (12128): Elaborating entity "mux4to1" for hierarchy "rserializer:serializer|mux8to1:mux|mux4to1:res1" File: C:/Users/aralm/OneDrive/Ambiente de Trabalho/ACA/crc-main/serial/mux8to1.vhd Line: 29
Info (12128): Elaborating entity "mux2to1" for hierarchy "rserializer:serializer|mux8to1:mux|mux4to1:res1|mux2to1:res1" File: C:/Users/aralm/OneDrive/Ambiente de Trabalho/ACA/crc-main/serial/mux4to1.vhd Line: 23
Warning (12241): 8 hierarchies have connectivity warnings - see the Connectivity Checks report folder
Info (286030): Timing-Driven Synthesis is running
Info (16010): Generating hard_block partition "hard_block:auto_generated_inst"
    Info (16011): Adding 0 node(s), including 0 DDIO, 0 PLL, 0 transceiver and 0 LCELL
Info (21057): Implemented 38 device resources after synthesis - the final resource count might be different
    Info (21058): Implemented 3 input pins
    Info (21059): Implemented 2 output pins
    Info (21061): Implemented 33 logic cells
Info: Quartus Prime Analysis & Synthesis was successful. 0 errors, 7 warnings
    Info: Peak virtual memory: 4842 megabytes
    Info: Processing ended: Wed Dec 09 20:29:49 2020
    Info: Elapsed time: 00:00:13
    Info: Total CPU time (on all processors): 00:00:29


